
The default interactive shell is now zsh.
To update your account to use zsh, please run `chsh -s /bin/zsh`.
For more details, please visit https://support.apple.com/kb/HT208050.
k1m06s11:~ fkarabul$ xsh
-bash: xsh: command not found
k1m06s11:~ fkarabul$ zsh
fkarabul@k1m06s11 ~ % cd desktop
fkarabul@k1m06s11 desktop % cd ev01          
fkarabul@k1m06s11 ev01 % cd ex00 
fkarabul@k1m06s11 ex00 % cat z 
Z

fkarabul@k1m06s11 ex00 % ls
z
fkarabul@k1m06s11 ex00 % cd ..
fkarabul@k1m06s11 ev01 % cd ex01
fkarabul@k1m06s11 ex01 % ls
testShell00.tar
fkarabul@k1m06s11 ex01 % open testShell00.tar 
fkarabul@k1m06s11 ex01 % cd testShell00
cd: not a directory: testShell00
fkarabul@k1m06s11 ex01 % cat testShell00
fkarabul@k1m06s11 ex01 % ls testShell00
testShell00
fkarabul@k1m06s11 ex01 % ls -l 
total 8
-rw-r--r--  1 fkarabul  2023_istanbul     0 Sep  2 17:07 testShell00
-rw-r--r--@ 1 fkarabul  2023_istanbul  1536 Sep  2 20:21 testShell00.tar
fkarabul@k1m06s11 ex01 % chmod 455 testShell00
fkarabul@k1m06s11 ex01 % ls -l
total 8
-r--r-xr-x  1 fkarabul  2023_istanbul     0 Sep  2 17:07 testShell00
-rw-r--r--@ 1 fkarabul  2023_istanbul  1536 Sep  2 20:21 testShell00.tar
fkarabul@k1m06s11 ex01 % vim testShell00
fkarabul@k1m06s11 ex01 % cd ..
fkarabul@k1m06s11 ev01 % cd ex02 
fkarabul@k1m06s11 ex02 % ls
exo2.tar
fkarabul@k1m06s11 ex02 % open exo2.tar 
fkarabul@k1m06s11 ex02 % ls
exo2		exo2.tar
fkarabul@k1m06s11 ex02 % cd exo2
fkarabul@k1m06s11 exo2 % ls
test0	test1	test2	test3	test4	test5	test6
fkarabul@k1m06s11 exo2 % cat test
cat: test: No such file or directory
fkarabul@k1m06s11 exo2 % ls -l
total 40
drwx--xr-x  2 fkarabul  2023_istanbul  68 Jun  1 20:47 test0
-rwx--xr--@ 1 fkarabul  2023_istanbul   1 Jun  1 21:46 test1
dr-x---r--  2 fkarabul  2023_istanbul  68 Jun  1 22:45 test2
-r-----r--  2 fkarabul  2023_istanbul   1 Jun  1 23:44 test3
-rw-r----x  1 fkarabul  2023_istanbul   2 Jun  1 23:43 test4
-r-----r--  2 fkarabul  2023_istanbul   1 Jun  1 23:44 test5
lrwxrwxrwx  1 fkarabul  2023_istanbul   5 Jun  1 22:20 test6 -> test0
fkarabul@k1m06s11 exo2 % chmod 714 test1 
fkarabul@k1m06s11 exo2 % lsl
zsh: command not found: lsl
fkarabul@k1m06s11 exo2 % ls -l
total 40
drwx--xr-x  2 fkarabul  2023_istanbul  68 Jun  1 20:47 test0
-rwx--xr--@ 1 fkarabul  2023_istanbul   1 Jun  1 21:46 test1
dr-x---r--  2 fkarabul  2023_istanbul  68 Jun  1 22:45 test2
-r-----r--  2 fkarabul  2023_istanbul   1 Jun  1 23:44 test3
-rw-r----x  1 fkarabul  2023_istanbul   2 Jun  1 23:43 test4
-r-----r--  2 fkarabul  2023_istanbul   1 Jun  1 23:44 test5
lrwxrwxrwx  1 fkarabul  2023_istanbul   5 Jun  1 22:20 test6 -> test0
fkarabul@k1m06s11 exo2 % chmod 615 test1
fkarabul@k1m06s11 exo2 % ls -l
total 40
drwx--xr-x  2 fkarabul  2023_istanbul  68 Jun  1 20:47 test0
-rw---xr-x@ 1 fkarabul  2023_istanbul   1 Jun  1 21:46 test1
dr-x---r--  2 fkarabul  2023_istanbul  68 Jun  1 22:45 test2
-r-----r--  2 fkarabul  2023_istanbul   1 Jun  1 23:44 test3
-rw-r----x  1 fkarabul  2023_istanbul   2 Jun  1 23:43 test4
-r-----r--  2 fkarabul  2023_istanbul   1 Jun  1 23:44 test5
lrwxrwxrwx  1 fkarabul  2023_istanbul   5 Jun  1 22:20 test6 -> test0
fkarabul@k1m06s11 exo2 % chmod 714 
usage:	chmod [-fhv] [-R [-H | -L | -P]] [-a | +a | =a  [i][# [ n]]] mode|entry file ...
	chmod [-fhv] [-R [-H | -L | -P]] [-E | -C | -N | -i | -I] file ...
fkarabul@k1m06s11 exo2 % chmod 714 teat1
chmod: teat1: No such file or directory
fkarabul@k1m06s11 exo2 % chmod 714 test1
fkarabul@k1m06s11 exo2 % ls -l
total 40
drwx--xr-x  2 fkarabul  2023_istanbul  68 Jun  1 20:47 test0
-rwx--xr--@ 1 fkarabul  2023_istanbul   1 Jun  1 21:46 test1
dr-x---r--  2 fkarabul  2023_istanbul  68 Jun  1 22:45 test2
-r-----r--  2 fkarabul  2023_istanbul   1 Jun  1 23:44 test3
-rw-r----x  1 fkarabul  2023_istanbul   2 Jun  1 23:43 test4
-r-----r--  2 fkarabul  2023_istanbul   1 Jun  1 23:44 test5
lrwxrwxrwx  1 fkarabul  2023_istanbul   5 Jun  1 22:20 test6 -> test0
fkarabul@k1m06s11 exo2 % rm -rf test1
fkarabul@k1m06s11 exo2 % vim test1
fkarabul@k1m06s11 exo2 % ls -l
total 32
drwx--xr-x  2 fkarabul  2023_istanbul  68 Jun  1 20:47 test0
-rw-r--r--  1 fkarabul  2023_istanbul   0 Sep  2 20:32 test1
dr-x---r--  2 fkarabul  2023_istanbul  68 Jun  1 22:45 test2
-r-----r--  2 fkarabul  2023_istanbul   1 Jun  1 23:44 test3
-rw-r----x  1 fkarabul  2023_istanbul   2 Jun  1 23:43 test4
-r-----r--  2 fkarabul  2023_istanbul   1 Jun  1 23:44 test5
lrwxrwxrwx  1 fkarabul  2023_istanbul   5 Jun  1 22:20 test6 -> test0
fkarabul@k1m06s11 exo2 % chmod 714 test1
fkarabul@k1m06s11 exo2 % ls -l 
total 32
drwx--xr-x  2 fkarabul  2023_istanbul  68 Jun  1 20:47 test0
-rwx--xr--  1 fkarabul  2023_istanbul   0 Sep  2 20:32 test1
dr-x---r--  2 fkarabul  2023_istanbul  68 Jun  1 22:45 test2
-r-----r--  2 fkarabul  2023_istanbul   1 Jun  1 23:44 test3
-rw-r----x  1 fkarabul  2023_istanbul   2 Jun  1 23:43 test4
-r-----r--  2 fkarabul  2023_istanbul   1 Jun  1 23:44 test5
lrwxrwxrwx  1 fkarabul  2023_istanbul   5 Jun  1 22:20 test6 -> test0
fkarabul@k1m06s11 exo2 % cd ..
fkarabul@k1m06s11 ex02 % cd ex03
cd: no such file or directory: ex03
fkarabul@k1m06s11 ex02 % cd ..
fkarabul@k1m06s11 ev01 % cd ex03
fkarabul@k1m06s11 ex03 % ls 
id_rsa_pub
fkarabul@k1m06s11 ex03 % cat id_rsa_pub 
ssh-rsa AAAAB3NzaC1yc2EAAAADAQABAAABgQDY7MvZHEieb9q1f73GJmKPWmlJa024eGMCSbe14OFRvDyhnyHbvP6C/c8kfziVBD9I0/9c8z74b6hOA0S4LtZf5UdOoRUkSJJtSI+/lpTei2chjZJgJrhs59o5tYAraOtAF1IL2H1QVBDWrLmD/qfMYTVsvgiyCocCmLqBIYdU/5RzBPX6dseKc+/CGk0vF519MyYJBV2/rU+wGKwabopi2svXATPYxkHX1ts5yjQOrNUL7IlC7uczwOmgxf5QQUoGNCcODAb6qJla63AD35wO2rvnh21p5WpK8BscqhS7KuW+KZZJHQvPX7S8qrrVOBm9DymSNVGJ8Ui16HsCIKfbt/dVKrQMBA7dd1NHOrApZWDS9sLg/tG2qys4ZQMAOATu76sp+KxfasHoTOlBb1utnPYJgzk7eM9ZZoXV0e7aEQ5kkBAYaW58Ql7Z6rauqte1kK8chcBLZIBvq9FXiW7Jdg60DL6E/l7k2Q5/kNK5+8fjNZihrW3Z7h4TZhZQOYs= fkarabul@k1m06s11.42istanbul.com.tr
fkarabul@k1m06s11 ex03 % cd ..
fkarabul@k1m06s11 ev01 % cd ex04
fkarabul@k1m06s11 ex04 % ls
midLS
fkarabul@k1m06s11 ex04 % cat midLS 

ls -t -m -p
fkarabul@k1m06s11 ex04 % vim midLS 
fkarabul@k1m06s11 ex04 % cd ..
fkarabul@k1m06s11 ev01 % cd ex05
fkarabul@k1m06s11 ex05 % ls
git_commit.sh
fkarabul@k1m06s11 ex05 % cat git_commit.sh 
git log --format='%H' -n5
fkarabul@k1m06s11 ex05 % vim git_commit.sh 
fkarabul@k1m06s11 ex05 % gcc git_commit.sh 


ld: warning: ignoring file git_commit.sh, building for macOS-x86_64 but attempting to link with file built for unknown-unsupported file format ( 0x67 0x69 0x74 0x20 0x6C 0x6F 0x67 0x20 0x2D 0x2D 0x66 0x6F 0x72 0x6D 0x61 0x74 )
Undefined symbols for architecture x86_64:
  "_main", referenced from:
     implicit entry/start for main executable
ld: symbol(s) not found for architecture x86_64
clang: error: linker command failed with exit code 1 (use -v to see invocation)
fkarabul@k1m06s11 ex05 % 
fkarabul@k1m06s11 ex05 % 
fkarabul@k1m06s11 ex05 % cat git_commit.sh 
git log --format='%H' -n5
fkarabul@k1m06s11 ex05 % bash git_commit.sh | cat _e
cat: _e: No such file or directory
fkarabul@k1m06s11 ex05 %  bash git_commit.sh | cat -e
75596ae4623a9bb20f8b2eecd16be2b4793264a3$
fkarabul@k1m06s11 ex05 % cd..
zsh: command not found: cd..
fkarabul@k1m06s11 ex05 % cd ..
fkarabul@k1m06s11 ev01 % cd ..
fkarabul@k1m06s11 desktop % 
